app/api/ai/agents/route.ts(53,17): error TS2353: Object literal may only specify known properties, and 'tools' does not exist in type 'Without<AIAgentCreateInput, AIAgentUncheckedCreateInput> & AIAgentUncheckedCreateInput'.
app/api/tools/[id]/route.ts(12,35): error TS2339: Property 'tool' does not exist on type 'PrismaClient<PrismaClientOptions, never, DefaultArgs>'.
app/api/tools/[id]/route.ts(39,35): error TS2339: Property 'tool' does not exist on type 'PrismaClient<PrismaClientOptions, never, DefaultArgs>'.
app/api/tools/[id]/route.ts(65,22): error TS2339: Property 'tool' does not exist on type 'PrismaClient<PrismaClientOptions, never, DefaultArgs>'.
app/api/tools/route.ts(12,36): error TS2339: Property 'tool' does not exist on type 'PrismaClient<PrismaClientOptions, never, DefaultArgs>'.
app/api/tools/route.ts(37,35): error TS2339: Property 'tool' does not exist on type 'PrismaClient<PrismaClientOptions, never, DefaultArgs>'.
app/api/webhooks/config/route.ts(65,13): error TS2561: Object literal may only specify known properties, but 'webhookByEvents' does not exist in type 'WebhookConfig'. Did you mean to write 'webhook_by_events'?
